// Jest Snapshot v1, https://goo.gl/fbAQLP

exports[`./components/Carousel/CarouselCard.js .render() should render the CarouselCard component 1`] = `
<ReactIdSwiper
  ContainerEl="div"
  WrapperEl="div"
  containerClass="swiper-container"
  renderNextButton={[Function]}
  renderPagination={[Function]}
  renderParallax={[Function]}
  renderPrevButton={[Function]}
  renderScrollbar={[Function]}
  shouldSwiperUpdate={true}
  slideClass="swiper-slide"
  wrapperClass="swiper-wrapper"
>
  <Card
    id="3402397a-01a6-4bad-87a8-cdc36e4e6c0c"
    key="3402397a-01a6-4bad-87a8-cdc36e4e6c0c"
  >
    <Link
      to="/tours/3402397a-01a6-4bad-87a8-cdc36e4e6c0c"
    >
      <Image
        as="img"
        ui={true}
      />
      <CardContent
        className="detail tours"
      >
        <Header
          as="h2"
        >
          El mejor recorrido en Bici hasta Incachaca
        </Header>
        <Header
          as="h4"
          color="grey"
        />
        <Grid
          columns={2}
        >
          <GridColumn
            floated="left"
            width={5}
          >
            <Icon
              as="i"
              name="map marker alternate"
            />
            <span
              className="rate"
            />
          </GridColumn>
          <GridColumn
            floated="right"
            width={8}
          >
            <GridColumn
              textAlign="right"
            >
              <Rating
                clearable="auto"
                icon="favorite"
                maxRating={5}
              />
              <span
                className="rate"
              />
              <span
                className="counter"
              >
                (
                )
              </span>
            </GridColumn>
          </GridColumn>
        </Grid>
      </CardContent>
    </Link>
  </Card>
  <Card
    id="3402397a-01a6-4bad-87a8-cdc36e4e6458"
    key="3402397a-01a6-4bad-87a8-cdc36e4e6458"
  >
    <Link
      to="/tours/3402397a-01a6-4bad-87a8-cdc36e4e6458"
    >
      <Image
        as="img"
        ui={true}
      />
      <CardContent
        className="detail tours"
      >
        <Header
          as="h2"
        >
          Camino a la piedra de Guatap√©
        </Header>
        <Header
          as="h4"
          color="grey"
        />
        <Grid
          columns={2}
        >
          <GridColumn
            floated="left"
            width={5}
          >
            <Icon
              as="i"
              name="map marker alternate"
            />
            <span
              className="rate"
            />
          </GridColumn>
          <GridColumn
            floated="right"
            width={8}
          >
            <GridColumn
              textAlign="right"
            >
              <Rating
                clearable="auto"
                icon="favorite"
                maxRating={5}
              />
              <span
                className="rate"
              />
              <span
                className="counter"
              >
                (
                )
              </span>
            </GridColumn>
          </GridColumn>
        </Grid>
      </CardContent>
    </Link>
  </Card>
  <Card
    id="3402397a-01a6-4bad-87a8-cdc36e446c0c"
    key="3402397a-01a6-4bad-87a8-cdc36e446c0c"
  >
    <Link
      to="/tours/3402397a-01a6-4bad-87a8-cdc36e446c0c"
    >
      <Image
        as="img"
        ui={true}
      />
      <CardContent
        className="detail tours"
      >
        <Header
          as="h2"
        >
          Historia de las playas de Bahia a pie
        </Header>
        <Header
          as="h4"
          color="grey"
        />
        <Grid
          columns={2}
        >
          <GridColumn
            floated="left"
            width={5}
          >
            <Icon
              as="i"
              name="map marker alternate"
            />
            <span
              className="rate"
            />
          </GridColumn>
          <GridColumn
            floated="right"
            width={8}
          >
            <GridColumn
              textAlign="right"
            >
              <Rating
                clearable="auto"
                icon="favorite"
                maxRating={5}
              />
              <span
                className="rate"
              />
              <span
                className="counter"
              >
                (
                )
              </span>
            </GridColumn>
          </GridColumn>
        </Grid>
      </CardContent>
    </Link>
  </Card>
</ReactIdSwiper>
`;
